<html>
<body>
<pre>
<h1>礦ision Build Log</h1>
<h2>Tool Versions:</h2>
IDE-Version: μVision V5.31.0.0
Copyright (C) 2020 ARM Ltd and ARM Germany GmbH. All rights reserved.
License Information: cyy 3289288508@qq.com, cyy, LIC=LJWP0-B9SZ1-INEA7-EASNE-5UIX9-6I4GD
 
Tool Versions:
Toolchain:       MDK-ARM Professional  Version: 5.31.0.0
Toolchain Path:  D:\Keil_v5\ARM\ARMCC\Bin
C Compiler:      Armcc.exe V5.06 update 6 (build 750)
Assembler:       Armasm.exe V5.06 update 6 (build 750)
Linker/Locator:  ArmLink.exe V5.06 update 6 (build 750)
Library Manager: ArmAr.exe V5.06 update 6 (build 750)
Hex Converter:   FromElf.exe V5.06 update 6 (build 750)
CPU DLL:         SARMCM3.DLL V5.31.0.0
Dialog DLL:      DCM.DLL V1.17.3.0
Target DLL:      CMSIS_AGDI.dll V1.32.6.0
Dialog DLL:      TCM.DLL V1.46.0.0
 
<h2>Project:</h2>
E:\CYY_WS\shoot\cloud-embedded-dart\飞镖3.05\MDK-ARM\standard_robot.uvprojx
Project File Date:  12/07/2024

<h2>Output:</h2>
*** Using Compiler 'V5.06 update 6 (build 750)', folder: 'D:\Keil_v5\ARM\ARMCC\Bin'
Rebuild target 'standard_robot'
assembling startup_stm32f407xx.s...
compiling crc.c...
compiling spi.c...
compiling rtc.c...
compiling dma.c...
compiling usart.c...
compiling adc.c...
compiling rng.c...
compiling i2c.c...
compiling can.c...
compiling main.c...
compiling gpio.c...
compiling usb_device.c...
compiling tim.c...
compiling usbd_conf.c...
compiling freertos.c...
compiling stm32f4xx_ll_usb.c...
compiling stm32f4xx_hal_crc.c...
compiling stm32f4xx_it.c...
compiling usbd_cdc_if.c...
compiling stm32f4xx_hal_adc_ex.c...
compiling usbd_desc.c...
compiling stm32f4xx_hal_pcd.c...
compiling stm32f4xx_hal_can.c...
compiling stm32f4xx_hal_adc.c...
compiling stm32f4xx_hal_pcd_ex.c...
compiling stm32f4xx_hal_i2c.c...
compiling stm32f4xx_hal_msp.c...
compiling stm32f4xx_hal_i2c_ex.c...
compiling stm32f4xx_hal_rtc.c...
compiling stm32f4xx_hal_rng.c...
compiling stm32f4xx_hal_uart.c...
compiling stm32f4xx_hal_spi.c...
compiling stm32f4xx_hal_tim.c...
compiling stm32f4xx_hal_tim_ex.c...
compiling stm32f4xx_hal_flash.c...
compiling stm32f4xx_hal_dma.c...
compiling croutine.c...
compiling event_groups.c...
compiling list.c...
compiling queue.c...
compiling stream_buffer.c...
compiling stm32f4xx_hal_rcc.c...
compiling tasks.c...
compiling timers.c...
compiling heap_4.c...
compiling cmsis_os.c...
compiling stm32f4xx_hal_rtc_ex.c...
compiling port.c...
compiling stm32f4xx_hal_rcc_ex.c...
compiling stm32f4xx_hal_flash_ex.c...
compiling stm32f4xx_hal_pwr.c...
compiling stm32f4xx_hal_pwr_ex.c...
compiling stm32f4xx_hal_gpio.c...
compiling stm32f4xx_hal_flash_ramfunc.c...
compiling stm32f4xx_hal_dma_ex.c...
compiling stm32f4xx_hal_cortex.c...
compiling usbd_ioreq.c...
compiling system_stm32f4xx.c...
compiling stm32f4xx_hal.c...
compiling stm32f4xx_hal_exti.c...
compiling bsp_adc.c...
compiling usbd_core.c...
compiling usbd_cdc.c...
compiling bsp_buzzer.c...
compiling bsp_crc32.c...
compiling calibrate_task.c...
compiling usbd_ctlreq.c...
compiling chassis_behaviour.c...
..\application\chassis_behaviour.c(639): warning:  #1035-D: single-precision operand implicitly converted to double-precision
  			if(rspeed>7.5)
..\application\chassis_behaviour.c(644): warning:  #1035-D: single-precision operand implicitly converted to double-precision
  			if(rspeed<3.5)
..\application\chassis_behaviour.c(630): warning:  #177-D: variable "last"  was declared but never referenced
  	static int8_t last;
..\application\chassis_behaviour.c: 3 warnings, 0 errors
compiling bsp_can.c...
compiling bsp_delay.c...
compiling detect_task.c...
compiling bsp_flash.c...
compiling bsp_fric.c...
compiling bsp_imu_pwm.c...
compiling bsp_i2c.c...
compiling bsp_laser.c...
compiling bsp_servo_pwm.c...
compiling bsp_rc.c...
compiling bsp_led.c...
compiling bsp_usart.c...
compiling bsp_spi.c...
compiling bsp_rng.c...
compiling chassis_power_control.c...
compiling chassis_task.c...
compiling gimbal_task.c...
..\application\gimbal_task.c(365): warning:  #177-D: function "float_to_uint"  was declared but never referenced
  static uint16_t float_to_uint(float x, float x_min, float x_max, uint8_t bits)
..\application\gimbal_task.c(378): warning:  #177-D: function "uint_to_float"  was declared but never referenced
  static float uint_to_float(int x_int, float x_min, float x_max, int bits)
..\application\gimbal_task.c: 2 warnings, 0 errors
compiling CAN_receive.c...
compiling remote_control.c...
..\application\remote_control.c(326): warning:  #1-D: last line of file ends without a newline
    //  rc_ctrl->rc.ch[1] = ((sbus_buf[1] >> 3) | (sbus_buf[2] << 5)) & 0x07ff; //!< Channel 1
..\application\remote_control.c: 1 warning, 0 errors
compiling referee.c...
compiling INS_task.c...
compiling ist8310driver.c...
compiling referee_usart_task.c...
compiling usb_task.c...
compiling user_lib.c...
compiling oled_task.c...
compiling gimbal_behaviour.c...
..\application\gimbal_behaviour.c(780): warning:  #1035-D: single-precision operand implicitly converted to double-precision
          *yaw = yaw_channel * YAW_RC_SEN - gimbal_control_set->gimbal_rc_ctrl->mouse.x * YAW_MOUSE_SEN  + 0.008*vyturn;//+ vyy * 0.0000001f;
..\application\gimbal_behaviour.c(783): warning:  #1035-D: single-precision operand implicitly converted to double-precision
          *pitch = -pitch_channel * PITCH_RC_SEN - gimbal_control_set->gimbal_rc_ctrl->mouse.y * PITCH_MOUSE_SEN + 0.0050*vpturn;//+ vpp * 0.0000001f;
..\application\gimbal_behaviour.c(744): warning:  #550-D: variable "vp"  was set but never used
      int16_t vp = 0x0000;
..\application\gimbal_behaviour.c(745): warning:  #550-D: variable "vy"  was set but never used
      int16_t vy = 0x0000;
..\application\gimbal_behaviour.c(746): warning:  #550-D: variable "vpp"  was set but never used
      fp32 vpp;//实际输出 pitch轴
..\application\gimbal_behaviour.c(747): warning:  #550-D: variable "vyy"  was set but never used
      fp32 vyy;
..\application\gimbal_behaviour.c(248): warning:  #177-D: function "gimbal_vision"  was declared but never referenced
   static void gimbal_vision(gimbal_control_t *gimbal_control_set);
..\application\gimbal_behaviour.c(288): warning:  #177-D: function "track"  was declared but never referenced
  static void track (uint16_t a,uint16_t b,RC_ctrl_t *rc_ctrl);      //( gimbal_control_t *track_t);
..\application\gimbal_behaviour.c: 8 warnings, 0 errors
compiling test_task.c...
compiling shoot.c...
..\application\shoot.c(377): warning:  #177-D: variable "n"  was declared but never referenced
  	     static int n=0;
..\application\shoot.c: 1 warning, 0 errors
compiling voltage_task.c...
compiling led_flow_task.c...
compiling RM_Cilent_UI.c...
compiling servo_task.c...
..\application\servo_task.c(26): warning:  #177-D: variable "servo_key"  was declared but never referenced
  const static uint16_t servo_key[4] = {SERVO1_ADD_PWM_KEY, SERVO2_ADD_PWM_KEY, SERVO3_ADD_PWM_KEY, SERVO4_ADD_PWM_KEY};
..\application\servo_task.c: 1 warning, 0 errors
compiling BMI088driver.c...
compiling fifo.c...
compiling AHRS_middleware.c...
compiling ist8310driver_middleware.c...
compiling BMI088Middleware.c...
compiling mem_mang4.c...
compiling CRC8_CRC16.c...
compiling OLED.c...
compiling pid.c...
compiling user_task.c...
..\application\user_task.c(52): warning:  #177-D: variable "heat"  was declared but never referenced
  		static double angle =0,heat=0,heat_door=0;//这里angle直接赋成差值
..\application\user_task.c(52): warning:  #177-D: variable "heat_door"  was declared but never referenced
  		static double angle =0,heat=0,heat_door=0;//这里angle直接赋成差值
..\application\user_task.c(53): warning:  #177-D: variable "flag_cnn1"  was declared but never referenced
  		static int flag_cnn1=0,flag_cnn2=0,heat_flag1=0,heat_flag2=0;;//计时1//计时2//受击打标志位//受击打备用标志位;
..\application\user_task.c(53): warning:  #177-D: variable "flag_cnn2"  was declared but never referenced
  		static int flag_cnn1=0,flag_cnn2=0,heat_flag1=0,heat_flag2=0;;//计时1//计时2//受击打标志位//受击打备用标志位;
..\application\user_task.c(53): warning:  #177-D: variable "heat_flag1"  was declared but never referenced
  		static int flag_cnn1=0,flag_cnn2=0,heat_flag1=0,heat_flag2=0;;//计时1//计时2//受击打标志位//受击打备用标志位;
..\application\user_task.c(53): warning:  #177-D: variable "heat_flag2"  was declared but never referenced
  		static int flag_cnn1=0,flag_cnn2=0,heat_flag1=0,heat_flag2=0;;//计时1//计时2//受击打标志位//受击打备用标志位;
..\application\user_task.c: 6 warnings, 0 errors
linking...
Program Size: Code=88296 RO-data=3008 RW-data=908 ZI-data=54172  
FromELF: creating hex file...
"standard_tpye_c\standard_tpye_c.axf" - 0 Error(s), 22 Warning(s).

<h2>Software Packages used:</h2>

Package Vendor: ARM
                http://www.keil.com/pack/ARM.CMSIS.5.7.0.pack
                ARM.CMSIS.5.7.0
                CMSIS (Cortex Microcontroller Software Interface Standard)
   * Component: CORE Version: 5.4.0

Package Vendor: Keil
                http://www.keil.com/pack/Keil.STM32F4xx_DFP.2.13.0.pack
                Keil.STM32F4xx_DFP.2.13.0
                STMicroelectronics STM32F4 Series Device Support, Drivers and Examples

<h2>Collection of Component include folders:</h2>
  .\RTE\_standard_robot
  D:\Users\32892\AppData\Local\Arm\Packs\ARM\CMSIS\5.7.0\CMSIS\Core\Include
  D:\Users\32892\AppData\Local\Arm\Packs\Keil\STM32F4xx_DFP\2.13.0\Drivers\CMSIS\Device\ST\STM32F4xx\Include

<h2>Collection of Component Files used:</h2>

   * Component: ARM::CMSIS:CORE:5.4.0
Build Time Elapsed:  00:00:39
</pre>
</body>
</html>
